src/components/CallRecordPrintPage.tsx(323,19): error TS2559: Type 'Locale' has no properties in common with type 'Partial<DayPickerLocale>'.
src/components/ExportPage.tsx(213,23): error TS2559: Type 'Locale' has no properties in common with type 'Partial<DayPickerLocale>'.
src/components/ExportPage.tsx(413,23): error TS2559: Type 'Locale' has no properties in common with type 'Partial<DayPickerLocale>'.
src/components/FleetStatisticsPage.tsx(285,19): error TS2559: Type 'Locale' has no properties in common with type 'Partial<DayPickerLocale>'.
src/components/FleetStatisticsPage.tsx(685,27): error TS2559: Type 'Locale' has no properties in common with type 'Partial<DayPickerLocale>'.
src/components/InspeksiKPCPage.tsx(1223,21): error TS2559: Type 'Locale' has no properties in common with type 'Partial<DayPickerLocale>'.
src/components/InspeksiKPCPage.tsx(1385,19): error TS2559: Type 'Locale' has no properties in common with type 'Partial<DayPickerLocale>'.
src/components/NEC/NecRslPivotTable.tsx(559,59): error TS18048: 'midAngle' is possibly 'undefined'.
src/components/NEC/NecRslPivotTable.tsx(560,59): error TS18048: 'midAngle' is possibly 'undefined'.
src/components/NEC/NecRslPivotTable.tsx(562,32): error TS18048: 'percent' is possibly 'undefined'.
src/components/NEC/NecRslPivotTable.tsx(572,34): error TS18048: 'percent' is possibly 'undefined'.
